Script started on 2026-06-24 21:19:12+00:00 [TERM="xterm-256color" TTY="/dev/pts/15" COLUMNS="116" LINES="51"]
[?2004h]0;devops@VM0: ~/projects/local-ai-devsecops-capstone/application/online-boutique-clean[01;32mdevops@VM0[00m:[01;34m~/projects/local-ai-devsecops-capstone/application/online-boutique-clean[00m$ [7mgit add sonar-project.propertie[27m[7ms[27m[7m Jenkinsfile[27m[A]0;devops@VM0: ~/projects/local-ai-devsecops-capstone/application/online-boutique-clean[01;32mdevops@VM0[00m:[01;34m~/projects/local-ai-devsecops-capstone/application/online-boutique-clean[00m$ git add sonar-project.properties Jenkinsfile
[?2004l[?2004h]0;devops@VM0: ~/projects/local-ai-devsecops-capstone/application/online-boutique-clean[01;32mdevops@VM0[00m:[01;34m~/projects/local-ai-devsecops-capstone/application/online-boutique-clean[00m$ [7mgit commit -m "feat(ci): add So[27m[7mn[27m[7marQube analysis and quality gate"[27m[A]0;devops@VM0: ~/projects/local-ai-devsecops-capstone/application/online-boutique-clean[01;32mdevops@VM0[00m:[01;34m~/projects/local-ai-devsecops-capstone/application/online-boutique-clean[00m$ git commit -m "feat(ci): add SonarQube analysis and quality gate"
[?2004l[main e5bdb43b] feat(ci): add SonarQube analysis and quality gate
 1 file changed, 5 insertions(+)
 create mode 100644 sonar-project.properties
[?2004h]0;devops@VM0: ~/projects/local-ai-devsecops-capstone/application/online-boutique-clean[01;32mdevops@VM0[00m:[01;34m~/projects/local-ai-devsecops-capstone/application/online-boutique-clean[00m$ [7mgit push origin "$(git branch -[27m[7m-[27m[7mshow-current)"[27m[A]0;devops@VM0: ~/projects/local-ai-devsecops-capstone/application/online-boutique-clean[01;32mdevops@VM0[00m:[01;34m~/projects/local-ai-devsecops-capstone/application/online-boutique-clean[00m$ git push origin "$(git branch --show-current)"
[?2004lEnumerating objects: 4, done.
Counting objects:  25% (1/4)Counting objects:  50% (2/4)Counting objects:  75% (3/4)Counting objects: 100% (4/4)Counting objects: 100% (4/4), done.
Delta compression using up to 16 threads
Compressing objects:  33% (1/3)Compressing objects:  66% (2/3)Compressing objects: 100% (3/3)Compressing objects: 100% (3/3), done.
Writing objects:  33% (1/3)Writing objects:  66% (2/3)Writing objects: 100% (3/3)Writing objects: 100% (3/3), 453 bytes | 453.00 KiB/s, done.
Total 3 (delta 1), reused 0 (delta 0), pack-reused 0
remote: Resolving deltas:   0% (0/1)[Kremote: Resolving deltas: 100% (1/1)[Kremote: Resolving deltas: 100% (1/1), completed with 1 local object.[K
To https://github.com/yasirmailk-AI-agents/local-ai-devsecops-online-boutique.git
   f6c219ca..e5bdb43b  main -> main
[?2004h]0;devops@VM0: ~/projects/local-ai-devsecops-capstone/application/online-boutique-clean[01;32mdevops@VM0[00m:[01;34m~/projects/local-ai-devsecops-capstone/application/online-boutique-clean[00m$ [7mgit add sonar-project.propertie[27m[7ms[27m[7m Jenkinsfile[27m[A]0;devops@VM0: ~/projects/local-ai-devsecops-capstone/application/online-boutique-clean[01;32mdevops@VM0[00m:[01;34m~/projects/local-ai-devsecops-capstone/application/online-boutique-clean[00m$ git add sonar-project.properties Jenkinsfile
[?2004l[?2004h]0;devops@VM0: ~/projects/local-ai-devsecops-capstone/application/online-boutique-clean[01;32mdevops@VM0[00m:[01;34m~/projects/local-ai-devsecops-capstone/application/online-boutique-clean[00m$ [7mgit commit -m "feat(ci): add So[27m[7mn[27m[7marQube analysis and quality gate"[27m[A]0;devops@VM0: ~/projects/local-ai-devsecops-capstone/application/online-boutique-clean[01;32mdevops@VM0[00m:[01;34m~/projects/local-ai-devsecops-capstone/application/online-boutique-clean[00m$ git commit -m "feat(ci): add SonarQube analysis and quality gate"\[K
[?2004lOn branch main
Your branch is up to date with 'origin/main'.

Untracked files:
  (use "git add <file>..." to include in what will be committed)
	[31m{[m

nothing added to commit but untracked files present (use "git add" to track)
[?2004h]0;devops@VM0: ~/projects/local-ai-devsecops-capstone/application/online-boutique-clean[01;32mdevops@VM0[00m:[01;34m~/projects/local-ai-devsecops-capstone/application/online-boutique-clean[00m$ [7mgit push origin "$(git branch -[27m[7m-[27m[7mshow-current)"[27m[A]0;devops@VM0: ~/projects/local-ai-devsecops-capstone/application/online-boutique-clean[01;32mdevops@VM0[00m:[01;34m~/projects/local-ai-devsecops-capstone/application/online-boutique-clean[00m$ git push origin "$(git branch --show-current)"
[?2004lEverything up-to-date
[?2004h]0;devops@VM0: ~/projects/local-ai-devsecops-capstone/application/online-boutique-clean[01;32mdevops@VM0[00m:[01;34m~/projects/local-ai-devsecops-capstone/application/online-boutique-clean[00m$ [7mcd ~/projects/local-ai-devsecop[27m[7ms[27m[7m-capstone/application/online-boutique-clean[27m[A]0;devops@VM0: ~/projects/local-ai-devsecops-capstone/application/online-boutique-clean[01;32mdevops@VM0[00m:[01;34m~/projects/local-ai-devsecops-capstone/application/online-boutique-clean[00m$ cd ~/projects/local-ai-devsecops-capstone/application/online-boutique-clean
[?2004l[?2004h]0;devops@VM0: ~/projects/local-ai-devsecops-capstone/application/online-boutique-clean[01;32mdevops@VM0[00m:[01;34m~/projects/local-ai-devsecops-capstone/application/online-boutique-clean[00m$ [7mnano Jenkinsfile[27mnano Jenkinsfile
[?2004l[?2004h[?1049h[22;0;0t[1;51r(B[m[4l[?7h[39;49m[?1h=[?1h=[?25l[39;49m(B[m[H[2J[49;52H(B[0;7m[ Reading... ](B[m[49;50H(B[0;7m[ Read 98 lines ](B[m[H(B[0;7m  GNU nano 7.2                                         Jenkinsfile                                                  [1;115H(B[m[50d(B[0;7m^G(B[m Help[50;17H(B[0;7m^O(B[m Write Out    (B[0;7m^W(B[m Where Is     (B[0;7m^K(B[m Cut[50;65H(B[0;7m^T(B[m Execute[81G(B[0;7m^C(B[m Location     (B[0;7mM-U(B[m Undo[51d(B[0;7m^X(B[m Exit[51;17H(B[0;7m^R(B[m Read File    (B[0;7m^\(B[m Replace[49G(B[0;7m^U(B[m Paste[51;65H(B[0;7m^J(B[m Justify[81G(B[0;7m^/(B[m Go To Line   (B[0;7mM-E(B[m Redo[2dpipeline {[3;3Hagent any[5;3Hoptions {[6;5Htimestamps()[7;5HdisableConcurrentBuilds()[8;5HbuildDiscarder(logRotator(numToKeepStr: '10'))[9;3H}[11denvironment {[12;5HREGISTRY = 'localhost:5001'[13;5HIMAGE_NAME = 'online-boutique-frontend'[14;5HIMAGE_TAG = "${BUILD_NUMBER}"[15;3H}[17dstages {[18;5Hstage('Checkout') {[19;7Hsteps {[20;9Hcheckout scm[21;9Hsh 'git rev-parse --short HEAD'[22;7H}[23;5H}[25dstage('Repository Structure') {[26;7Hsteps {[27;9Hsh '''[28;11Htest -d src/frontend[29;11Htest -f src/frontend/Dockerfile[30;11Htest -f skaffold.yaml[31;9H'''[32;7H}[33;5H}[35dstage('Secret Scan - Gitleaks') {[36;7Hsteps {[37;9Hsh '''[38;11Hdocker run --rm \[39;13H--volumes-from devops-jenkins \[40;13H-w "$WORKSPACE" \[41;13Hghcr.io/gitleaks/gitleaks:latest \[42;13Hdetect --source=. --no-banner --redact[43;9H'''[44;7H}[45;5H}[47dstage('Filesystem Scan - Trivy') {[48;7Hsteps {[2d[?12l[?25h[?25l[1;68H(B[0;7m*[49d(B[m[K[1;115H[2dstage('Build Frontend Image')pipeline {[2;30H[?12l[?25h[?25l[?12l[?25hp[?25l[?12l[?25hiipeline {[2;32H[?25l[?12l[?25h[1P[?25l[?12l[?25h[?25l[?12l[?25h[3;12H[?25l[?12l[?25h[4d[?25l[?12l[?25h[5;12H[?25l[?12l[?25h[6;17H[?25l[?12l[?25h[7;30H[?25l[?12l[?25h[8d([?25l[?12l[?25h[9;4H[?25l[?12l[?25h[10d[?25l[?12l[?25h[11;16H[?25l[?12l[?25h[12;31H[?25l[?12l[?25h[13d[?25l[?12l[?25h[14d[?25l[?12l[?25h[15;4H[?25l[?12l[?25h[14;31H[?25l[?12l[?25h[A[?25l[?12l[?25h[A[?25l[?12l[?25h[11;16H[?25l[?12l[?25h[A[?25l[?12l[?25h[A  }[?25l[?12l[?25h[8;31H[?25l[?12l[?25h[A[?25l[?12l[?25h[6;17H[?25l[?12l[?25h[5;12H[?25l[?12l[?25h[A[?25l[?12l[?25h[3;12H[?25l[?12l[?25h[2;31H[?25l[?12l[?25h[?25l[?12l[?25h[?25l[?12l[?25h[?25l[?12l[?25h[?25l[?12l[?25h[?25l[?12l[?25h[?25l[?12l[?25h[?25l[?12l[?25h[?25l[?12l[?25h[?25l[?12l[?25h[?25l[?12l[?25h[?25l[?12l[?25h[?25l[?12l[?25h[?25l[?12l[?25h[?25l[?12l[?25h[?25l[?12l[?25h[?25l[?12l[?25h[?25l[?12l[?25h[?25l[?12l[?25h[?25l[?12l[?25h[?25l[?12l[?25h[?25l[?12l[?25h[?25l[?12l[?25h[?25l[?12l[?25h[?25l[?12l[?25h[?25l[?12l[?25h[?25l[?12l[?25h[?25l[?12l[?25h[?25l[?12l[?25h[?25l[?12l[?25h[?25l[?12l[?25h[?25l[?12l[?25h[?25l[?12l[?25h[?25l[?12l[?25h[?25l[?12l[?25h[?25l[?12l[?25h[?25l[?12l[?25h[?25l[?12l[?25h[?25l[?12l[?25h[?25l[?12l[?25h[?25l[?12l[?25h[?25l[?12l[?25h[?25l[?12l[?25h[?25l[?12l[?25h[?25l[?12l[?25h[?25l[?12l[?25h[?25l[?12l[?25h[?25l[?12l[?25h[?25l[?12l[?25h[?25l[?12l[?25h[?25l[?12l[?25h[?25l[?12l[?25h[?25l[?12l[?25h[?25l[?12l[?25h[?25l7[2;48r8M[1;51r[3;1H[?12l[?25h[?25l[?12l[?25h[A[?25l7[2;49r8[25T[1;51r[2;1Hstage('SonarQube Analysis') {[3;5Hsteps {[4;9Hscript {[5;13Hdef scannerHome = tool 'SonarScanner'[7;13HwithSonarQubeEnv('SonarQube') {[8;17Hsh """[9d${scannerHome}/bin/sonar-scanner \[10;23H-Dsonar.projectKey=online-boutique \[11;23H-Dsonar.projectName="Online Boutique" \[12;23H-Dsonar.sources=src \[13;23H-Dsonar.sourceEncoding=UTF-8 \[14;23H-Dsonar.exclusions=**/node_modules/**,**/vendor/**,**/generated/**,**/dist/**,**/build/**[15;17H"""[16;13H}[17;9H}[18;5H}[19d}[21dstage('SonarQube Quality Gate') {[22;5Hsteps {[23;9Htimeout(time: 10, unit: 'MINUTES') {[24;13HwaitForQualityGate abortPipeline: true[25;9H}[26;5H}[27d}[49d[K[27d}[?12l[?25h[?25l[50;17H             (B[0;7mM-D(B[m DOS Format[15X[50;59H(B[0;7mM-A(B[m Append      [81G       (B[0;7mM-B(B[m Backup File[K[51;2H(B[0;7mC(B[m Cancel[17G             (B[0;7mM-M(B[m Mac Format[15X[51;59H(B[0;7mM-P(B[m Prepend     [81G       (B[0;7m^T(B[m Browse[K[49d(B[0;7mFile Name to Write: Jenkinsfile                                                                                     [49;32H(B[m[?12l[?25h[?25l[49;51H[1K (B[0;7m[ Writing... ](B[m[K[1;68H(B[0;7m [115G(B[m[49;49H(B[0;7m[ Wrote 124 lines ](B[m[50;17H(B[0;7m^O(B[m Write Out    (B[0;7m^W(B[m Where Is     (B[0;7m^K(B[m Cut          (B[0;7m^T(B[m Execute[81G(B[0;7m^C(B[m Location     (B[0;7mM-U(B[m Undo[51;2H(B[0;7mX(B[m Exit  [17G(B[0;7m^R(B[m Read File    (B[0;7m^\(B[m Replace      (B[0;7m^U(B[m Paste        (B[0;7m^J(B[m Justify[81G(B[0;7m^/(B[m Go To Line   (B[0;7mM-E(B[m Redo[?12l[?25h[27d}[?25l[49d[J[51d[?12l[?25h[51;1H[?1049l[23;0;0t[?1l>[?2004l[?2004h]0;devops@VM0: ~/projects/local-ai-devsecops-capstone/application/online-boutique-clean[01;32mdevops@VM0[00m:[01;34m~/projects/local-ai-devsecops-capstone/application/online-boutique-clean[00m$ [7mgit add Jenkinsfile[27mgit add Jenkinsfile
[?2004l[?2004h]0;devops@VM0: ~/projects/local-ai-devsecops-capstone/application/online-boutique-clean[01;32mdevops@VM0[00m:[01;34m~/projects/local-ai-devsecops-capstone/application/online-boutique-clean[00m$ [7mgit commit -m "feat(ci): add So[27m[7mn[27m[7marQube analysis and quality gate"[27m[A]0;devops@VM0: ~/projects/local-ai-devsecops-capstone/application/online-boutique-clean[01;32mdevops@VM0[00m:[01;34m~/projects/local-ai-devsecops-capstone/application/online-boutique-clean[00m$ git commit -m "feat(ci): add SonarQube analysis and quality gate"
[?2004l[main d21e563a] feat(ci): add SonarQube analysis and quality gate
 1 file changed, 27 insertions(+), 1 deletion(-)
[?2004h]0;devops@VM0: ~/projects/local-ai-devsecops-capstone/application/online-boutique-clean[01;32mdevops@VM0[00m:[01;34m~/projects/local-ai-devsecops-capstone/application/online-boutique-clean[00m$ [7mgit push origin "$(git branch -[27m[7m-[27m[7mshow-current)"[27m[A]0;devops@VM0: ~/projects/local-ai-devsecops-capstone/application/online-boutique-clean[